// Jest Snapshot v1, https://goo.gl/fbAQLP

exports[`<Button /> should render the button 1`] = `
.c0 {
  width: 100%;
  height: 4.8rem;
  display: flex;
  gap: 0.8rem;
  justify-content: center;
  align-items: center;
  border: 1px solid;
  background-color: #F2BF4E;
  line-height: 24px;
  font-size: 1.6rem;
  font-weight: 700;
  text-transform: uppercase;
  color: #100C27;
  letter-spacing: 0.2px;
  cursor: pointer;
  -webkit-box-shadow: 0px 6px 1px -2px #000000;
  -moz-box-shadow: 0px 6px 1px -2px #000000;
  box-shadow: 0px 6px 1px -2px #000000;
  transition: 0.1s;
  flex-direction: row;
}

.c0:hover {
  background-color: #F8DCA0;
  border-color: transparent;
}

.c0[disabled] {
  background-color: #E1E4E8;
  color: #97A1AC;
  pointer-events: none;
  border-color: transparent;
  -webkit-box-shadow: 0px 6px 1px -2px #97A1AC;
  -moz-box-shadow: 0px 6px 1px -2px #97A1AC;
  box-shadow: 0px 6px 1px -2px #97A1AC;
}

<button
  class="c0"
>
  <span>
    Button
  </span>
</button>
`;
